{"version":8,"type":"context-options","origin":"library","browserName":"chromium","playwrightVersion":"1.62.1","options":{"noDefaultViewport":false,"viewport":{"width":1280,"height":720},"ignoreHTTPSErrors":true,"selectorEngines":[],"acceptDownloads":"accept"},"platform":"linux","wallTime":1786471661646,"monotonicTime":157712.782,"sdkLanguage":"javascript","testIdAttributeName":"data-testid","contextId":"browser-context@52fdc7b1c5cd75daaa6d5f06dc645758","channel":"chrome"}
{"type":"before","callId":"call@49","startTime":157730.176,"class":"Frame","method":"ariaSnapshot","params":{"mode":"ai","timeout":30000},"pageId":"page@d7f546a24c50a19f8d904ccc0794e678"}
{"type":"screencast-frame","pageId":"page@d7f546a24c50a19f8d904ccc0794e678","sha1":"page@d7f546a24c50a19f8d904ccc0794e678-1786471661669.jpeg","width":1280,"height":720,"timestamp":157735.945,"frameSwapWallTime":1786471661662.546}
{"type":"after","callId":"call@49","endTime":157736.75,"result":{"snapshot":"- main [ref=f1e2]:\n  - heading \"Photo upload\" [level=1] [ref=f1e3]\n  - generic [ref=f1e4]:\n    - text: СПА\n    - combobox \"СПА\" [ref=f1e5]:\n      - option \"Select СПА\" [selected]\n      - option \"TASK-017 disposable SPA\"\n    - text: Visit date\n    - textbox \"Visit date\" [ref=f1e6]\n    - text: JPEG files\n    - button \"JPEG files\" [ref=f1e7]\n    - button \"Upload selected files\" [ref=f1e8]\n  - alert\n  - region \"Upload results\" [ref=f1e9]:\n    - heading \"Results\" [level=2] [ref=f1e10]\n    - list"}}
{"type":"before","callId":"call@51","startTime":157737.822,"class":"Frame","method":"title","params":{},"pageId":"page@d7f546a24c50a19f8d904ccc0794e678"}
{"type":"after","callId":"call@51","endTime":157738.785,"result":{"value":"Photo upload"}}
{"type":"before","callId":"call@53","startTime":157739.467,"class":"Page","method":"consoleMessages","params":{"filter":"since-navigation"},"pageId":"page@d7f546a24c50a19f8d904ccc0794e678"}
{"type":"after","callId":"call@53","endTime":157739.627,"result":{"messages":[]}}
{"type":"before","callId":"call@55","startTime":157740.429,"class":"Page","method":"pageErrors","params":{"filter":"since-navigation"},"pageId":"page@d7f546a24c50a19f8d904ccc0794e678"}
{"type":"after","callId":"call@55","endTime":157740.543,"result":{"errors":[]}}
{"type":"before","callId":"call@57","startTime":158633.835,"title":"Route requests","class":"Page","method":"setNetworkInterceptionPatterns","params":{"patterns":[{"glob":"**/api/inventory/photos"}]},"pageId":"page@d7f546a24c50a19f8d904ccc0794e678"}
{"type":"after","callId":"call@57","endTime":158635.449}
{"type":"before","callId":"call@59","startTime":158636.75,"class":"Frame","method":"selectOption","params":{"selector":"#spa-id","strict":true,"options":[{"valueOrLabel":"659f3981-d9a9-4941-ad99-c1b327d86173"}],"timeout":30000},"pageId":"page@d7f546a24c50a19f8d904ccc0794e678","beforeSnapshot":"before@call@59"}
{"type":"frame-snapshot","snapshot":{"callId":"call@59","snapshotName":"before@call@59","pageId":"page@d7f546a24c50a19f8d904ccc0794e678","frameId":"frame@55195917e87f7f0cb8b6e0183c0980e8","frameUrl":"https://localhost:18443/staff/photo-upload","doctype":"html","html":["HTML",{"lang":"en"},["HEAD",{},["BASE",{"href":"https://localhost:18443/staff/photo-upload"}],"\n  ",["META",{"charset":"utf-8"}],"\n  ",["META",{"name":"viewport","content":"width=device-width, initial-scale=1"}],"\n  ",["TITLE",{},"Photo upload"],"\n"],"\n",["BODY",{},"\n  ",["MAIN",{},"\n    ",["H1",{},"Photo upload"],"\n    ",["FORM",{"id":"photo-upload-form"},"\n      ",["LABEL",{"for":"spa-id"},"СПА"],"\n      ",["SELECT",{"id":"spa-id","name":"spa_id","required":""},"\n        ",["OPTION",{"__playwright_selected_":"true","value":""},"Select СПА"],"\n      ",["OPTION",{"__playwright_selected_":"false","value":"659f3981-d9a9-4941-ad99-c1b327d86173"},"TASK-017 disposable SPA"]],"\n      ",["LABEL",{"for":"visit-date"},"Visit date"],"\n      ",["INPUT",{"__playwright_value_":"","id":"visit-date","name":"visit_date","type":"date","required":""}],"\n      ",["LABEL",{"for":"photos"},"JPEG files"],"\n      ",["INPUT",{"__playwright_value_":"","id":"photos","name":"photos","type":"file","accept":"image/jpeg","multiple":"","required":""}],"\n      ",["BUTTON",{"type":"submit"},"Upload selected files"],"\n    "],"\n    ",["P",{"id":"form-message","role":"alert"}],"\n    ",["SECTION",{"aria-label":"Upload results"},"\n      ",["H2",{},"Results"],"\n      ",["OL",{"id":"upload-results"}],"\n    "],"\n  "],"\n  ","\n\n"]],"viewport":{"width":1280,"height":720},"timestamp":158640.244,"wallTime":1786471662573,"collectionTime":1.5999999642372131,"resourceOverrides":[],"isMainFrame":true}}
{"type":"log","callId":"call@59","time":158643.337,"message":"waiting for locator('#spa-id')"}
{"type":"log","callId":"call@59","time":158646.499,"message":"  locator resolved to <select id=\"spa-id\" required=\"\" name=\"spa_id\">…</select>"}
{"type":"log","callId":"call@59","time":158648.837,"message":"attempting select option action"}
{"type":"input","callId":"call@59","inputSnapshot":"input@call@59"}
{"type":"frame-snapshot","snapshot":{"callId":"call@59","snapshotName":"input@call@59","pageId":"page@d7f546a24c50a19f8d904ccc0794e678","frameId":"frame@55195917e87f7f0cb8b6e0183c0980e8","frameUrl":"https://localhost:18443/staff/photo-upload","doctype":"html","html":["HTML",{"lang":"en"},[[1,9]],[[1,10]],["BODY",{},[[1,11]],["MAIN",{},[[1,12]],[[1,14]],[[1,15]],["FORM",{"id":"photo-upload-form"},[[1,16]],[[1,18]],[[1,19]],["SELECT",{"__playwright_target__":"","id":"spa-id","name":"spa_id","required":""},[[1,20]],[[1,22]],[[1,23]],[[1,25]]],[[1,27]],[[1,29]],[[1,30]],[[1,31]],[[1,32]],[[1,34]],[[1,35]],[[1,36]],[[1,37]],[[1,39]],[[1,40]]],[[1,42]],[[1,43]],[[1,44]],[[1,51]],[[1,52]]],[[1,54]],[[1,55]]]],"viewport":{"width":1280,"height":720},"timestamp":158650.356,"wallTime":1786471662583,"collectionTime":0.3999999761581421,"resourceOverrides":[],"isMainFrame":true}}
{"type":"log","callId":"call@59","time":158650.801,"message":"  waiting for element to be visible and enabled"}
{"type":"log","callId":"call@59","time":158653.056,"message":"  selected specified option(s)"}
{"type":"after","callId":"call@59","endTime":158653.328,"result":{"values":["659f3981-d9a9-4941-ad99-c1b327d86173"]},"afterSnapshot":"after@call@59"}
{"type":"frame-snapshot","snapshot":{"callId":"call@59","snapshotName":"after@call@59","pageId":"page@d7f546a24c50a19f8d904ccc0794e678","frameId":"frame@55195917e87f7f0cb8b6e0183c0980e8","frameUrl":"https://localhost:18443/staff/photo-upload","doctype":"html","html":["HTML",{"lang":"en"},[[2,9]],[[2,10]],["BODY",{},[[2,11]],["MAIN",{},[[2,12]],[[2,14]],[[2,15]],["FORM",{"id":"photo-upload-form"},[[2,16]],[[2,18]],[[2,19]],["SELECT",{"__playwright_target__":"","id":"spa-id","name":"spa_id","required":""},[[2,20]],["OPTION",{"__playwright_selected_":"false","value":""},[[2,21]]],[[2,23]],["OPTION",{"__playwright_selected_":"true","value":"659f3981-d9a9-4941-ad99-c1b327d86173"},[[2,24]]]],[[2,27]],[[2,29]],[[2,30]],[[2,31]],[[2,32]],[[2,34]],[[2,35]],[[2,36]],[[2,37]],[[2,39]],[[2,40]]],[[2,42]],[[2,43]],[[2,44]],[[2,51]],[[2,52]]],[[2,54]],[[2,55]]]],"viewport":{"width":1280,"height":720},"timestamp":158654.752,"wallTime":1786471662588,"collectionTime":0.19999998807907104,"resourceOverrides":[],"isMainFrame":true}}
{"type":"before","callId":"call@61","startTime":158655.853,"class":"Frame","method":"fill","params":{"selector":"#visit-date","strict":true,"value":"2026-08-11","timeout":30000},"pageId":"page@d7f546a24c50a19f8d904ccc0794e678","beforeSnapshot":"before@call@61"}
{"type":"frame-snapshot","snapshot":{"callId":"call@61","snapshotName":"before@call@61","pageId":"page@d7f546a24c50a19f8d904ccc0794e678","frameId":"frame@55195917e87f7f0cb8b6e0183c0980e8","frameUrl":"https://localhost:18443/staff/photo-upload","doctype":"html","html":["HTML",{"lang":"en"},[[3,9]],[[3,10]],["BODY",{},[[3,11]],["MAIN",{},[[3,12]],[[3,14]],[[3,15]],["FORM",{"id":"photo-upload-form"},[[3,16]],[[3,18]],[[3,19]],["SELECT",{"id":"spa-id","name":"spa_id","required":""},[[3,20]],[[1,0]],[[3,23]],[[1,1]]],[[3,27]],[[3,29]],[[3,30]],[[3,31]],[[3,32]],[[3,34]],[[3,35]],[[3,36]],[[3,37]],[[3,39]],[[3,40]]],[[3,42]],[[3,43]],[[3,44]],[[3,51]],[[3,52]]],[[3,54]],[[3,55]]]],"viewport":{"width":1280,"height":720},"timestamp":158656.967,"wallTime":1786471662590,"collectionTime":0.2999999523162842,"resourceOverrides":[],"isMainFrame":true}}
{"type":"log","callId":"call@61","time":158657.597,"message":"waiting for locator('#visit-date')"}
{"type":"log","callId":"call@61","time":158659.637,"message":"  locator resolved to <input type=\"date\" required=\"\" id=\"visit-date\" name=\"visit_date\"/>"}
{"type":"log","callId":"call@61","time":158660.834,"message":"  fill(\"2026-08-11\")"}
{"type":"log","callId":"call@61","time":158660.923,"message":"attempting fill action"}
{"type":"input","callId":"call@61","inputSnapshot":"input@call@61"}
{"type":"frame-snapshot","snapshot":{"callId":"call@61","snapshotName":"input@call@61","pageId":"page@d7f546a24c50a19f8d904ccc0794e678","frameId":"frame@55195917e87f7f0cb8b6e0183c0980e8","frameUrl":"https://localhost:18443/staff/photo-upload","doctype":"html","html":["HTML",{"lang":"en"},[[4,9]],[[4,10]],["BODY",{},[[4,11]],["MAIN",{},[[4,12]],[[4,14]],[[4,15]],["FORM",{"id":"photo-upload-form"},[[4,16]],[[4,18]],[[4,19]],[[1,0]],[[4,27]],[[4,29]],[[4,30]],["INPUT",{"__playwright_value_":"","__playwright_target__":"","id":"visit-date","name":"visit_date","type":"date","required":""}],[[4,32]],[[4,34]],[[4,35]],[[4,36]],[[4,37]],[[4,39]],[[4,40]]],[[4,42]],[[4,43]],[[4,44]],[[4,51]],[[4,52]]],[[4,54]],[[4,55]]]],"viewport":{"width":1280,"height":720},"timestamp":158662.246,"wallTime":1786471662595,"collectionTime":0.40000003576278687,"resourceOverrides":[],"isMainFrame":true}}
{"type":"log","callId":"call@61","time":158662.465,"message":"  waiting for element to be visible, enabled and editable"}
{"type":"after","callId":"call@61","endTime":158666.468,"afterSnapshot":"after@call@61"}
{"type":"frame-snapshot","snapshot":{"callId":"call@61","snapshotName":"after@call@61","pageId":"page@d7f546a24c50a19f8d904ccc0794e678","frameId":"frame@55195917e87f7f0cb8b6e0183c0980e8","frameUrl":"https://localhost:18443/staff/photo-upload","doctype":"html","html":["HTML",{"lang":"en"},[[5,9]],[[5,10]],["BODY",{},[[5,11]],["MAIN",{},[[5,12]],[[5,14]],[[5,15]],["FORM",{"id":"photo-upload-form"},[[5,16]],[[5,18]],[[5,19]],[[2,0]],[[5,27]],[[5,29]],[[5,30]],["INPUT",{"__playwright_value_":"2026-08-11","__playwright_target__":"","id":"visit-date","name":"visit_date","type":"date","required":""}],[[5,32]],[[5,34]],[[5,35]],[[5,36]],[[5,37]],[[5,39]],[[5,40]]],[[5,42]],[[5,43]],[[5,44]],[[5,51]],[[5,52]]],[[5,54]],[[5,55]]]],"viewport":{"width":1280,"height":720},"timestamp":158667.709,"wallTime":1786471662601,"collectionTime":0.20000004768371582,"resourceOverrides":[],"isMainFrame":true}}
{"type":"screencast-frame","pageId":"page@d7f546a24c50a19f8d904ccc0794e678","sha1":"page@d7f546a24c50a19f8d904ccc0794e678-1786471662603.jpeg","width":1280,"height":720,"timestamp":158669.158,"frameSwapWallTime":1786471662598.718}
{"type":"before","callId":"call@63","startTime":158670.892,"class":"Frame","method":"setInputFiles","params":{"selector":"#photos","strict":true,"localPaths":["/home/serg/Projects/face_moment/.tasks/TASK-017-T2-FT-001-W8/browser-files/valid.jpg","/home/serg/Projects/face_moment/.tasks/TASK-017-T2-FT-001-W8/browser-files/delayed-valid.jpg","/home/serg/Projects/face_moment/.tasks/TASK-017-T2-FT-001-W8/browser-files/invalid.jpg","/home/serg/Projects/face_moment/.tasks/TASK-017-T2-FT-001-W8/browser-files/undecodable.jpg","/home/serg/Projects/face_moment/.tasks/TASK-017-T2-FT-001-W8/browser-files/mixed-exif.jpg"],"timeout":30000},"pageId":"page@d7f546a24c50a19f8d904ccc0794e678","beforeSnapshot":"before@call@63"}
{"type":"frame-snapshot","snapshot":{"callId":"call@63","snapshotName":"before@call@63","pageId":"page@d7f546a24c50a19f8d904ccc0794e678","frameId":"frame@55195917e87f7f0cb8b6e0183c0980e8","frameUrl":"https://localhost:18443/staff/photo-upload","doctype":"html","html":["HTML",{"lang":"en"},[[6,9]],[[6,10]],["BODY",{},[[6,11]],["MAIN",{},[[6,12]],[[6,14]],[[6,15]],["FORM",{"id":"photo-upload-form"},[[6,16]],[[6,18]],[[6,19]],[[3,0]],[[6,27]],[[6,29]],[[6,30]],["INPUT",{"__playwright_value_":"2026-08-11","id":"visit-date","name":"visit_date","type":"date","required":""}],[[6,32]],[[6,34]],[[6,35]],[[6,36]],[[6,37]],[[6,39]],[[6,40]]],[[6,42]],[[6,43]],[[6,44]],[[6,51]],[[6,52]]],[[6,54]],[[6,55]]]],"viewport":{"width":1280,"height":720},"timestamp":158671.862,"wallTime":1786471662605,"collectionTime":0.30000001192092896,"resourceOverrides":[],"isMainFrame":true}}
{"type":"log","callId":"call@63","time":158673.507,"message":"waiting for locator('#photos')"}
{"type":"log","callId":"call@63","time":158676.076,"message":"  locator resolved to <input multiple id=\"photos\" type=\"file\" required=\"\" name=\"photos\" accept=\"image/jpeg\"/>"}
{"type":"input","callId":"call@63","inputSnapshot":"input@call@63"}
{"type":"frame-snapshot","snapshot":{"callId":"call@63","snapshotName":"input@call@63","pageId":"page@d7f546a24c50a19f8d904ccc0794e678","frameId":"frame@55195917e87f7f0cb8b6e0183c0980e8","frameUrl":"https://localhost:18443/staff/photo-upload","doctype":"html","html":["HTML",{"lang":"en"},[[7,9]],[[7,10]],["BODY",{},[[7,11]],["MAIN",{},[[7,12]],[[7,14]],[[7,15]],["FORM",{"id":"photo-upload-form"},[[7,16]],[[7,18]],[[7,19]],[[4,0]],[[7,27]],[[7,29]],[[7,30]],[[1,0]],[[7,32]],[[7,34]],[[7,35]],["INPUT",{"__playwright_value_":"","__playwright_target__":"","id":"photos","name":"photos","type":"file","accept":"image/jpeg","multiple":"","required":""}],[[7,37]],[[7,39]],[[7,40]]],[[7,42]],[[7,43]],[[7,44]],[[7,51]],[[7,52]]],[[7,54]],[[7,55]]]],"viewport":{"width":1280,"height":720},"timestamp":158680.362,"wallTime":1786471662613,"collectionTime":0.30000001192092896,"resourceOverrides":[],"isMainFrame":true}}
{"type":"screencast-frame","pageId":"page@d7f546a24c50a19f8d904ccc0794e678","sha1":"page@d7f546a24c50a19f8d904ccc0794e678-1786471662615.jpeg","width":1280,"height":720,"timestamp":158681.965,"frameSwapWallTime":1786471662611.208}
{"type":"after","callId":"call@63","endTime":158685.567,"afterSnapshot":"after@call@63"}
{"type":"frame-snapshot","snapshot":{"callId":"call@63","snapshotName":"after@call@63","pageId":"page@d7f546a24c50a19f8d904ccc0794e678","frameId":"frame@55195917e87f7f0cb8b6e0183c0980e8","frameUrl":"https://localhost:18443/staff/photo-upload","doctype":"html","html":["HTML",{"lang":"en"},[[8,9]],[[8,10]],["BODY",{},[[8,11]],["MAIN",{},[[8,12]],[[8,14]],[[8,15]],["FORM",{"id":"photo-upload-form"},[[8,16]],[[8,18]],[[8,19]],[[5,0]],[[8,27]],[[8,29]],[[8,30]],[[2,0]],[[8,32]],[[8,34]],[[8,35]],["INPUT",{"__playwright_value_":"C:\\fakepath\\valid.jpg","__playwright_target__":"","id":"photos","name":"photos","type":"file","accept":"image/jpeg","multiple":"","required":""}],[[8,37]],[[8,39]],[[8,40]]],[[8,42]],[[8,43]],[[8,44]],[[8,51]],[[8,52]]],[[8,54]],[[8,55]]]],"viewport":{"width":1280,"height":720},"timestamp":158686.63,"wallTime":1786471662620,"collectionTime":0.30000001192092896,"resourceOverrides":[],"isMainFrame":true}}
{"type":"before","callId":"call@65","startTime":158688.49,"class":"Frame","method":"click","params":{"selector":"internal:role=button[name=\"Upload selected files\"i]","strict":true,"timeout":30000},"pageId":"page@d7f546a24c50a19f8d904ccc0794e678","beforeSnapshot":"before@call@65"}
{"type":"frame-snapshot","snapshot":{"callId":"call@65","snapshotName":"before@call@65","pageId":"page@d7f546a24c50a19f8d904ccc0794e678","frameId":"frame@55195917e87f7f0cb8b6e0183c0980e8","frameUrl":"https://localhost:18443/staff/photo-upload","doctype":"html","html":["HTML",{"lang":"en"},[[9,9]],[[9,10]],["BODY",{},[[9,11]],["MAIN",{},[[9,12]],[[9,14]],[[9,15]],["FORM",{"id":"photo-upload-form"},[[9,16]],[[9,18]],[[9,19]],[[6,0]],[[9,27]],[[9,29]],[[9,30]],[[3,0]],[[9,32]],[[9,34]],[[9,35]],["INPUT",{"__playwright_value_":"C:\\fakepath\\valid.jpg","id":"photos","name":"photos","type":"file","accept":"image/jpeg","multiple":"","required":""}],[[9,37]],[[9,39]],[[9,40]]],[[9,42]],[[9,43]],[[9,44]],[[9,51]],[[9,52]]],[[9,54]],[[9,55]]]],"viewport":{"width":1280,"height":720},"timestamp":158689.779,"wallTime":1786471662623,"collectionTime":0.19999998807907104,"resourceOverrides":[],"isMainFrame":true}}
{"type":"log","callId":"call@65","time":158691.589,"message":"waiting for getByRole('button', { name: 'Upload selected files' })"}
{"type":"log","callId":"call@65","time":158695.752,"message":"  locator resolved to <button type=\"submit\">Upload selected files</button>"}
{"type":"log","callId":"call@65","time":158698.014,"message":"attempting click action"}
{"type":"log","callId":"call@65","time":158698.732,"message":"  waiting for element to be visible, enabled and stable"}
{"type":"screencast-frame","pageId":"page@d7f546a24c50a19f8d904ccc0794e678","sha1":"page@d7f546a24c50a19f8d904ccc0794e678-1786471662634.jpeg","width":1280,"height":720,"timestamp":158700.48,"frameSwapWallTime":1786471662629.701}
{"type":"log","callId":"call@65","time":158716.666,"message":"  element is visible, enabled and stable"}
{"type":"log","callId":"call@65","time":158716.797,"message":"  scrolling into view if needed"}
{"type":"log","callId":"call@65","time":158717.44,"message":"  done scrolling"}
{"type":"input","callId":"call@65","point":{"x":822.42,"y":90.53},"inputSnapshot":"input@call@65"}
{"type":"frame-snapshot","snapshot":{"callId":"call@65","snapshotName":"input@call@65","pageId":"page@d7f546a24c50a19f8d904ccc0794e678","frameId":"frame@55195917e87f7f0cb8b6e0183c0980e8","frameUrl":"https://localhost:18443/staff/photo-upload","doctype":"html","html":["HTML",{"lang":"en"},[[10,9]],[[10,10]],["BODY",{},[[10,11]],["MAIN",{},[[10,12]],[[10,14]],[[10,15]],["FORM",{"id":"photo-upload-form"},[[10,16]],[[10,18]],[[10,19]],[[7,0]],[[10,27]],[[10,29]],[[10,30]],[[4,0]],[[10,32]],[[10,34]],[[10,35]],[[1,0]],[[10,37]],["BUTTON",{"__playwright_target__":"","type":"submit"},[[10,38]]],[[10,40]]],[[10,42]],[[10,43]],[[10,44]],[[10,51]],[[10,52]]],[[10,54]],[[10,55]]]],"viewport":{"width":1280,"height":720},"timestamp":158720.187,"wallTime":1786471662653,"collectionTime":0.19999998807907104,"resourceOverrides":[],"isMainFrame":true}}
{"type":"log","callId":"call@65","time":158723.582,"message":"  performing click action"}
{"type":"log","callId":"call@65","time":158748.093,"message":"  click action done"}
{"type":"log","callId":"call@65","time":158748.12,"message":"  waiting for scheduled navigations to finish"}
{"type":"before","callId":"call@67","startTime":158748.474,"class":"APIRequestContext","method":"fetch","params":{"url":"https://localhost:18443/api/inventory/photos","method":"POST","headers":[{"name":"accept","value":"*/*"},{"name":"content-type","value":"multipart/form-data; boundary=----WebKitFormBoundarydHzq4urYLowzzMTy"},{"name":"cookie","value":"fm_staff_session=F_0nvw-QczAEmgWosHkTzPkIngTjwIsxVR0c3uDsneg; fm_staff_csrf=yZKBP3gJ7J8hYfOPFQQn4yyhPiSvELPzlEMjUIZrGHQ"},{"name":"origin","value":"https://localhost:18443"},{"name":"referer","value":"https://localhost:18443/staff/photo-upload"},{"name":"user-agent","value":"Mozilla/5.0 (X11; Linux x86_64) AppleWebKit/537.36 (KHTML, like Gecko) HeadlessChrome/151.0.0.0 Safari/537.36"},{"name":"x-csrf-token","value":"yZKBP3gJ7J8hYfOPFQQn4yyhPiSvELPzlEMjUIZrGHQ"},{"name":"sec-ch-ua","value":"\"Not=A?Brand\";v=\"99\", \"Google Chrome\";v=\"151\", \"Chromium\";v=\"151\""},{"name":"sec-ch-ua-mobile","value":"?0"},{"name":"sec-ch-ua-platform","value":"\"Linux\""}],"postData":"<Buffer>","timeout":30000}}
{"type":"log","callId":"call@67","time":158762.61,"message":"→ POST https://localhost:18443/api/inventory/photos"}
{"type":"log","callId":"call@67","time":158762.641,"message":"  user-agent: Mozilla/5.0 (X11; Linux x86_64) AppleWebKit/537.36 (KHTML, like Gecko) HeadlessChrome/151.0.0.0 Safari/537.36"}
{"type":"log","callId":"call@67","time":158762.66,"message":"  accept: */*"}
{"type":"log","callId":"call@67","time":158762.668,"message":"  accept-encoding: gzip,deflate,br"}
{"type":"log","callId":"call@67","time":158762.674,"message":"  content-type: multipart/form-data; boundary=----WebKitFormBoundarydHzq4urYLowzzMTy"}
{"type":"log","callId":"call@67","time":158762.68,"message":"  cookie: fm_staff_session=F_0nvw-QczAEmgWosHkTzPkIngTjwIsxVR0c3uDsneg; fm_staff_csrf=yZKBP3gJ7J8hYfOPFQQn4yyhPiSvELPzlEMjUIZrGHQ"}
{"type":"log","callId":"call@67","time":158762.685,"message":"  origin: https://localhost:18443"}
{"type":"log","callId":"call@67","time":158762.69,"message":"  referer: https://localhost:18443/staff/photo-upload"}
{"type":"log","callId":"call@67","time":158762.696,"message":"  x-csrf-token: yZKBP3gJ7J8hYfOPFQQn4yyhPiSvELPzlEMjUIZrGHQ"}
{"type":"log","callId":"call@67","time":158762.701,"message":"  sec-ch-ua: \"Not=A?Brand\";v=\"99\", \"Google Chrome\";v=\"151\", \"Chromium\";v=\"151\""}
{"type":"log","callId":"call@67","time":158762.707,"message":"  sec-ch-ua-mobile: ?0"}
{"type":"log","callId":"call@67","time":158762.712,"message":"  sec-ch-ua-platform: \"Linux\""}
{"type":"log","callId":"call@67","time":158762.717,"message":"  content-length: 420"}
{"type":"before","callId":"call@69","startTime":158762.87,"class":"APIRequestContext","method":"fetch","params":{"url":"https://localhost:18443/api/inventory/photos","method":"POST","headers":[{"name":"accept","value":"*/*"},{"name":"content-type","value":"multipart/form-data; boundary=----WebKitFormBoundaryWSB5YMBtRb9T7dva"},{"name":"cookie","value":"fm_staff_session=F_0nvw-QczAEmgWosHkTzPkIngTjwIsxVR0c3uDsneg; fm_staff_csrf=yZKBP3gJ7J8hYfOPFQQn4yyhPiSvELPzlEMjUIZrGHQ"},{"name":"origin","value":"https://localhost:18443"},{"name":"referer","value":"https://localhost:18443/staff/photo-upload"},{"name":"user-agent","value":"Mozilla/5.0 (X11; Linux x86_64) AppleWebKit/537.36 (KHTML, like Gecko) HeadlessChrome/151.0.0.0 Safari/537.36"},{"name":"x-csrf-token","value":"yZKBP3gJ7J8hYfOPFQQn4yyhPiSvELPzlEMjUIZrGHQ"},{"name":"sec-ch-ua","value":"\"Not=A?Brand\";v=\"99\", \"Google Chrome\";v=\"151\", \"Chromium\";v=\"151\""},{"name":"sec-ch-ua-mobile","value":"?0"},{"name":"sec-ch-ua-platform","value":"\"Linux\""}],"postData":"<Buffer>","timeout":30000}}
{"type":"log","callId":"call@69","time":158764.132,"message":"→ POST https://localhost:18443/api/inventory/photos"}
{"type":"log","callId":"call@69","time":158764.164,"message":"  user-agent: Mozilla/5.0 (X11; Linux x86_64) AppleWebKit/537.36 (KHTML, like Gecko) HeadlessChrome/151.0.0.0 Safari/537.36"}
{"type":"log","callId":"call@69","time":158764.177,"message":"  accept: */*"}
{"type":"log","callId":"call@69","time":158764.183,"message":"  accept-encoding: gzip,deflate,br"}
{"type":"log","callId":"call@69","time":158764.189,"message":"  content-type: multipart/form-data; boundary=----WebKitFormBoundaryWSB5YMBtRb9T7dva"}
{"type":"log","callId":"call@69","time":158764.194,"message":"  cookie: fm_staff_session=F_0nvw-QczAEmgWosHkTzPkIngTjwIsxVR0c3uDsneg; fm_staff_csrf=yZKBP3gJ7J8hYfOPFQQn4yyhPiSvELPzlEMjUIZrGHQ"}
{"type":"log","callId":"call@69","time":158764.2,"message":"  origin: https://localhost:18443"}
{"type":"log","callId":"call@69","time":158764.205,"message":"  referer: https://localhost:18443/staff/photo-upload"}
{"type":"log","callId":"call@69","time":158764.218,"message":"  x-csrf-token: yZKBP3gJ7J8hYfOPFQQn4yyhPiSvELPzlEMjUIZrGHQ"}
{"type":"log","callId":"call@69","time":158764.225,"message":"  sec-ch-ua: \"Not=A?Brand\";v=\"99\", \"Google Chrome\";v=\"151\", \"Chromium\";v=\"151\""}
{"type":"log","callId":"call@69","time":158764.23,"message":"  sec-ch-ua-mobile: ?0"}
{"type":"log","callId":"call@69","time":158764.236,"message":"  sec-ch-ua-platform: \"Linux\""}
{"type":"log","callId":"call@69","time":158764.241,"message":"  content-length: 428"}
{"type":"before","callId":"call@71","startTime":158764.413,"class":"APIRequestContext","method":"fetch","params":{"url":"https://localhost:18443/api/inventory/photos","method":"POST","headers":[{"name":"accept","value":"*/*"},{"name":"content-type","value":"multipart/form-data; boundary=----WebKitFormBoundaryyAHh8deuTFgECouQ"},{"name":"cookie","value":"fm_staff_session=F_0nvw-QczAEmgWosHkTzPkIngTjwIsxVR0c3uDsneg; fm_staff_csrf=yZKBP3gJ7J8hYfOPFQQn4yyhPiSvELPzlEMjUIZrGHQ"},{"name":"origin","value":"https://localhost:18443"},{"name":"referer","value":"https://localhost:18443/staff/photo-upload"},{"name":"user-agent","value":"Mozilla/5.0 (X11; Linux x86_64) AppleWebKit/537.36 (KHTML, like Gecko) HeadlessChrome/151.0.0.0 Safari/537.36"},{"name":"x-csrf-token","value":"yZKBP3gJ7J8hYfOPFQQn4yyhPiSvELPzlEMjUIZrGHQ"},{"name":"sec-ch-ua","value":"\"Not=A?Brand\";v=\"99\", \"Google Chrome\";v=\"151\", \"Chromium\";v=\"151\""},{"name":"sec-ch-ua-mobile","value":"?0"},{"name":"sec-ch-ua-platform","value":"\"Linux\""}],"postData":"<Buffer>","timeout":30000}}
{"type":"log","callId":"call@71","time":158765.95,"message":"→ POST https://localhost:18443/api/inventory/photos"}
{"type":"log","callId":"call@71","time":158765.981,"message":"  user-agent: Mozilla/5.0 (X11; Linux x86_64) AppleWebKit/537.36 (KHTML, like Gecko) HeadlessChrome/151.0.0.0 Safari/537.36"}
{"type":"log","callId":"call@71","time":158765.99,"message":"  accept: */*"}
{"type":"log","callId":"call@71","time":158765.996,"message":"  accept-encoding: gzip,deflate,br"}
{"type":"log","callId":"call@71","time":158766.007,"message":"  content-type: multipart/form-data; boundary=----WebKitFormBoundaryyAHh8deuTFgECouQ"}
{"type":"log","callId":"call@71","time":158766.013,"message":"  cookie: fm_staff_session=F_0nvw-QczAEmgWosHkTzPkIngTjwIsxVR0c3uDsneg; fm_staff_csrf=yZKBP3gJ7J8hYfOPFQQn4yyhPiSvELPzlEMjUIZrGHQ"}
{"type":"log","callId":"call@71","time":158766.019,"message":"  origin: https://localhost:18443"}
{"type":"log","callId":"call@71","time":158766.024,"message":"  referer: https://localhost:18443/staff/photo-upload"}
{"type":"log","callId":"call@71","time":158766.029,"message":"  x-csrf-token: yZKBP3gJ7J8hYfOPFQQn4yyhPiSvELPzlEMjUIZrGHQ"}
{"type":"log","callId":"call@71","time":158766.035,"message":"  sec-ch-ua: \"Not=A?Brand\";v=\"99\", \"Google Chrome\";v=\"151\", \"Chromium\";v=\"151\""}
{"type":"log","callId":"call@71","time":158766.04,"message":"  sec-ch-ua-mobile: ?0"}
{"type":"log","callId":"call@71","time":158766.046,"message":"  sec-ch-ua-platform: \"Linux\""}
{"type":"log","callId":"call@71","time":158766.051,"message":"  content-length: 422"}
{"type":"before","callId":"call@73","startTime":158766.2,"class":"APIRequestContext","method":"fetch","params":{"url":"https://localhost:18443/api/inventory/photos","method":"POST","headers":[{"name":"accept","value":"*/*"},{"name":"content-type","value":"multipart/form-data; boundary=----WebKitFormBoundaryUqtNa4mXUqL1X13s"},{"name":"cookie","value":"fm_staff_session=F_0nvw-QczAEmgWosHkTzPkIngTjwIsxVR0c3uDsneg; fm_staff_csrf=yZKBP3gJ7J8hYfOPFQQn4yyhPiSvELPzlEMjUIZrGHQ"},{"name":"origin","value":"https://localhost:18443"},{"name":"referer","value":"https://localhost:18443/staff/photo-upload"},{"name":"user-agent","value":"Mozilla/5.0 (X11; Linux x86_64) AppleWebKit/537.36 (KHTML, like Gecko) HeadlessChrome/151.0.0.0 Safari/537.36"},{"name":"x-csrf-token","value":"yZKBP3gJ7J8hYfOPFQQn4yyhPiSvELPzlEMjUIZrGHQ"},{"name":"sec-ch-ua","value":"\"Not=A?Brand\";v=\"99\", \"Google Chrome\";v=\"151\", \"Chromium\";v=\"151\""},{"name":"sec-ch-ua-mobile","value":"?0"},{"name":"sec-ch-ua-platform","value":"\"Linux\""}],"postData":"<Buffer>","timeout":30000}}
{"type":"log","callId":"call@73","time":158767.189,"message":"→ POST https://localhost:18443/api/inventory/photos"}
{"type":"log","callId":"call@73","time":158767.208,"message":"  user-agent: Mozilla/5.0 (X11; Linux x86_64) AppleWebKit/537.36 (KHTML, like Gecko) HeadlessChrome/151.0.0.0 Safari/537.36"}
{"type":"log","callId":"call@73","time":158767.226,"message":"  accept: */*"}
{"type":"log","callId":"call@73","time":158767.232,"message":"  accept-encoding: gzip,deflate,br"}
{"type":"log","callId":"call@73","time":158767.238,"message":"  content-type: multipart/form-data; boundary=----WebKitFormBoundaryUqtNa4mXUqL1X13s"}
{"type":"log","callId":"call@73","time":158767.243,"message":"  cookie: fm_staff_session=F_0nvw-QczAEmgWosHkTzPkIngTjwIsxVR0c3uDsneg; fm_staff_csrf=yZKBP3gJ7J8hYfOPFQQn4yyhPiSvELPzlEMjUIZrGHQ"}
{"type":"log","callId":"call@73","time":158767.249,"message":"  origin: https://localhost:18443"}
{"type":"log","callId":"call@73","time":158767.254,"message":"  referer: https://localhost:18443/staff/photo-upload"}
{"type":"log","callId":"call@73","time":158767.259,"message":"  x-csrf-token: yZKBP3gJ7J8hYfOPFQQn4yyhPiSvELPzlEMjUIZrGHQ"}
{"type":"log","callId":"call@73","time":158767.265,"message":"  sec-ch-ua: \"Not=A?Brand\";v=\"99\", \"Google Chrome\";v=\"151\", \"Chromium\";v=\"151\""}
{"type":"log","callId":"call@73","time":158767.27,"message":"  sec-ch-ua-mobile: ?0"}
{"type":"log","callId":"call@73","time":158767.275,"message":"  sec-ch-ua-platform: \"Linux\""}
{"type":"log","callId":"call@73","time":158767.285,"message":"  content-length: 426"}
{"type":"before","callId":"call@75","startTime":158767.395,"class":"APIRequestContext","method":"fetch","params":{"url":"https://localhost:18443/api/inventory/photos","method":"POST","headers":[{"name":"accept","value":"*/*"},{"name":"content-type","value":"multipart/form-data; boundary=----WebKitFormBoundaryT5tHKYF1pq64oneZ"},{"name":"cookie","value":"fm_staff_session=F_0nvw-QczAEmgWosHkTzPkIngTjwIsxVR0c3uDsneg; fm_staff_csrf=yZKBP3gJ7J8hYfOPFQQn4yyhPiSvELPzlEMjUIZrGHQ"},{"name":"origin","value":"https://localhost:18443"},{"name":"referer","value":"https://localhost:18443/staff/photo-upload"},{"name":"user-agent","value":"Mozilla/5.0 (X11; Linux x86_64) AppleWebKit/537.36 (KHTML, like Gecko) HeadlessChrome/151.0.0.0 Safari/537.36"},{"name":"x-csrf-token","value":"yZKBP3gJ7J8hYfOPFQQn4yyhPiSvELPzlEMjUIZrGHQ"},{"name":"sec-ch-ua","value":"\"Not=A?Brand\";v=\"99\", \"Google Chrome\";v=\"151\", \"Chromium\";v=\"151\""},{"name":"sec-ch-ua-mobile","value":"?0"},{"name":"sec-ch-ua-platform","value":"\"Linux\""}],"postData":"<Buffer>","timeout":30000}}
{"type":"log","callId":"call@75","time":158768.389,"message":"→ POST https://localhost:18443/api/inventory/photos"}
{"type":"log","callId":"call@75","time":158768.408,"message":"  user-agent: Mozilla/5.0 (X11; Linux x86_64) AppleWebKit/537.36 (KHTML, like Gecko) HeadlessChrome/151.0.0.0 Safari/537.36"}
{"type":"log","callId":"call@75","time":158768.416,"message":"  accept: */*"}
{"type":"log","callId":"call@75","time":158768.422,"message":"  accept-encoding: gzip,deflate,br"}
{"type":"log","callId":"call@75","time":158768.427,"message":"  content-type: multipart/form-data; boundary=----WebKitFormBoundaryT5tHKYF1pq64oneZ"}
{"type":"log","callId":"call@75","time":158768.433,"message":"  cookie: fm_staff_session=F_0nvw-QczAEmgWosHkTzPkIngTjwIsxVR0c3uDsneg; fm_staff_csrf=yZKBP3gJ7J8hYfOPFQQn4yyhPiSvELPzlEMjUIZrGHQ"}
{"type":"log","callId":"call@75","time":158768.438,"message":"  origin: https://localhost:18443"}
{"type":"log","callId":"call@75","time":158768.443,"message":"  referer: https://localhost:18443/staff/photo-upload"}
{"type":"log","callId":"call@75","time":158768.448,"message":"  x-csrf-token: yZKBP3gJ7J8hYfOPFQQn4yyhPiSvELPzlEMjUIZrGHQ"}
{"type":"log","callId":"call@75","time":158768.453,"message":"  sec-ch-ua: \"Not=A?Brand\";v=\"99\", \"Google Chrome\";v=\"151\", \"Chromium\";v=\"151\""}
{"type":"log","callId":"call@75","time":158768.459,"message":"  sec-ch-ua-mobile: ?0"}
{"type":"log","callId":"call@75","time":158768.464,"message":"  sec-ch-ua-platform: \"Linux\""}
{"type":"log","callId":"call@75","time":158768.474,"message":"  content-length: 425"}
{"type":"screencast-frame","pageId":"page@d7f546a24c50a19f8d904ccc0794e678","sha1":"page@d7f546a24c50a19f8d904ccc0794e678-1786471662717.jpeg","width":1280,"height":720,"timestamp":158783.253,"frameSwapWallTime":1786471662679.646}
{"type":"log","callId":"call@65","time":158786.524,"message":"  navigations have finished"}
{"type":"after","callId":"call@65","endTime":158786.672,"afterSnapshot":"after@call@65"}
{"type":"frame-snapshot","snapshot":{"callId":"call@65","snapshotName":"after@call@65","pageId":"page@d7f546a24c50a19f8d904ccc0794e678","frameId":"frame@55195917e87f7f0cb8b6e0183c0980e8","frameUrl":"https://localhost:18443/staff/photo-upload","doctype":"html","html":["HTML",{"lang":"en"},[[11,9]],[[11,10]],["BODY",{},[[11,11]],["MAIN",{},[[11,12]],[[11,14]],[[11,15]],["FORM",{"id":"photo-upload-form"},[[11,16]],[[11,18]],[[11,19]],[[8,0]],[[11,27]],[[11,29]],[[11,30]],[[5,0]],[[11,32]],[[11,34]],[[11,35]],["INPUT",{"__playwright_value_":"","id":"photos","name":"photos","type":"file","accept":"image/jpeg","multiple":"","required":""}],[[11,37]],[[1,0]],[[11,40]]],[[11,42]],[[11,43]],[[11,44]],["SECTION",{"aria-label":"Upload results"},[[11,45]],[[11,47]],[[11,48]],["OL",{"id":"upload-results"},["LI",{},["SPAN",{},"valid.jpg"],["SPAN",{}," — 2026-08-11 — "],["STRONG",{"aria-live":"polite"},"uploading"],["SPAN"]],["LI",{},["SPAN",{},"delayed-valid.jpg"],["SPAN",{}," — 2026-08-11 — "],["STRONG",{"aria-live":"polite"},"uploading"],["SPAN"]],["LI",{},["SPAN",{},"invalid.jpg"],["SPAN",{}," — 2026-08-11 — "],["STRONG",{"aria-live":"polite"},"uploading"],["SPAN"]],["LI",{},["SPAN",{},"undecodable.jpg"],["SPAN",{}," — 2026-08-11 — "],["STRONG",{"aria-live":"polite"},"uploading"],["SPAN"]],["LI",{},["SPAN",{},"mixed-exif.jpg"],["SPAN",{}," — 2026-08-11 — "],["STRONG",{"aria-live":"polite"},"uploading"],["SPAN"]]],[[11,50]]],[[11,52]]],[[11,54]],[[11,55]]]],"viewport":{"width":1280,"height":720},"timestamp":158787.834,"wallTime":1786471662721,"collectionTime":0.40000003576278687,"resourceOverrides":[],"isMainFrame":true}}
{"type":"before","callId":"call@77","startTime":158788.699,"class":"Frame","method":"waitForFunction","params":{"expression":"() => {\n    const rows = [...document.querySelectorAll(\"#upload-results li\")];\n    return rows.length === 5 && rows.every(row => row.querySelector(\"strong\")?.textContent !== \"uploading\");\n  }","isFunction":true,"arg":{"value":{"v":"undefined"},"handles":[]},"timeout":30000},"pageId":"page@d7f546a24c50a19f8d904ccc0794e678","beforeSnapshot":"before@call@77"}
{"type":"frame-snapshot","snapshot":{"callId":"call@77","snapshotName":"before@call@77","pageId":"page@d7f546a24c50a19f8d904ccc0794e678","frameId":"frame@55195917e87f7f0cb8b6e0183c0980e8","frameUrl":"https://localhost:18443/staff/photo-upload","doctype":"html","html":["HTML",{"lang":"en"},[[12,9]],[[12,10]],["BODY",{},[[12,11]],["MAIN",{},[[12,12]],[[12,14]],[[12,15]],["FORM",{"id":"photo-upload-form"},[[12,16]],[[12,18]],[[12,19]],[[9,0]],[[12,27]],[[12,29]],[[12,30]],[[6,0]],[[12,32]],[[12,34]],[[12,35]],[[1,0]],[[12,37]],["BUTTON",{"type":"submit"},[[12,38]]],[[12,40]]],[[12,42]],[[12,43]],[[12,44]],[[1,43]],[[12,52]]],[[12,54]],[[12,55]]]],"viewport":{"width":1280,"height":720},"timestamp":158789.538,"wallTime":1786471662723,"collectionTime":0.30000001192092896,"resourceOverrides":[],"isMainFrame":true}}
{"type":"log","callId":"call@67","time":159128.728,"message":"← 422 Unprocessable Entity"}
{"type":"log","callId":"call@67","time":159128.763,"message":"  alt-svc: h3=\":8443\"; ma=2592000"}
{"type":"log","callId":"call@67","time":159128.774,"message":"  content-length: 33"}
{"type":"log","callId":"call@67","time":159128.782,"message":"  content-type: application/json"}
{"type":"log","callId":"call@67","time":159128.789,"message":"  date: Tue, 11 Aug 2026 18:07:42 GMT"}
{"type":"log","callId":"call@67","time":159128.796,"message":"  server: uvicorn"}
{"type":"log","callId":"call@67","time":159128.803,"message":"  via: 1.1 Caddy"}
{"type":"after","callId":"call@67","endTime":159129.069,"result":{"response":{"url":"https://localhost:18443/api/inventory/photos","status":422,"statusText":"Unprocessable Entity","headers":[{"name":"Alt-Svc","value":"h3=\":8443\"; ma=2592000"},{"name":"Content-Length","value":"33"},{"name":"Content-Type","value":"application/json"},{"name":"Date","value":"Tue, 11 Aug 2026 18:07:42 GMT"},{"name":"Server","value":"uvicorn"},{"name":"Via","value":"1.1 Caddy"}],"securityDetails":{"protocol":"TLSv1.3","validFrom":1786471335,"validTo":1786514535,"issuer":"Caddy Local Authority - ECC Intermediate"},"serverAddr":{"ipAddress":"127.0.0.1","port":18443},"timing":{"startTime":1786471662685,"domainLookupStart":0,"domainLookupEnd":17.34900000001653,"connectStart":17.34900000001653,"secureConnectionStart":332.00600000002305,"connectEnd":339.86900000000605,"requestStart":339.86900000000605,"responseStart":372.5440000000235},"responseEndTiming":374.86999999999534,"fetchUid":"d1e4648c877105852423665a774755e2"}}}
{"type":"before","callId":"call@79","startTime":159130.838,"class":"Route","method":"fulfill","params":{"status":422,"headers":[{"name":"alt-svc","value":"h3=\":8443\"; ma=2592000"},{"name":"content-length","value":"33"},{"name":"content-type","value":"application/json"},{"name":"date","value":"Tue, 11 Aug 2026 18:07:42 GMT"},{"name":"server","value":"uvicorn"},{"name":"via","value":"1.1 Caddy"}],"isBase64":false,"fetchResponseUid":"d1e4648c877105852423665a774755e2"},"pageId":"page@d7f546a24c50a19f8d904ccc0794e678"}
{"type":"after","callId":"call@79","endTime":159133.173}
{"type":"console","messageType":"error","text":"Failed to load resource: the server responded with a status of 422 (Unprocessable Entity)","args":[],"location":{"url":"https://localhost:18443/api/inventory/photos","lineNumber":0,"columnNumber":0},"time":159135.438,"pageId":"page@d7f546a24c50a19f8d904ccc0794e678"}
{"type":"log","callId":"call@69","time":159149.19,"message":"← 422 Unprocessable Entity"}
{"type":"log","callId":"call@69","time":159149.24,"message":"  alt-svc: h3=\":8443\"; ma=2592000"}
{"type":"log","callId":"call@69","time":159149.278,"message":"  content-length: 33"}
{"type":"log","callId":"call@69","time":159149.291,"message":"  content-type: application/json"}
{"type":"log","callId":"call@69","time":159149.303,"message":"  date: Tue, 11 Aug 2026 18:07:42 GMT"}
{"type":"log","callId":"call@69","time":159149.318,"message":"  server: uvicorn"}
{"type":"log","callId":"call@69","time":159149.326,"message":"  via: 1.1 Caddy"}
{"type":"after","callId":"call@69","endTime":159149.475,"result":{"response":{"url":"https://localhost:18443/api/inventory/photos","status":422,"statusText":"Unprocessable Entity","headers":[{"name":"Alt-Svc","value":"h3=\":8443\"; ma=2592000"},{"name":"Content-Length","value":"33"},{"name":"Content-Type","value":"application/json"},{"name":"Date","value":"Tue, 11 Aug 2026 18:07:42 GMT"},{"name":"Server","value":"uvicorn"},{"name":"Via","value":"1.1 Caddy"}],"securityDetails":{"protocol":"TLSv1.3","validFrom":1786471335,"validTo":1786514535,"issuer":"Caddy Local Authority - ECC Intermediate"},"serverAddr":{"ipAddress":"127.0.0.1","port":18443},"timing":{"startTime":1786471662697,"domainLookupStart":0,"domainLookupEnd":16.668999999994412,"connectStart":16.668999999994412,"secureConnectionStart":329.4649999999965,"connectEnd":332.8299999999872,"requestStart":332.8299999999872,"responseStart":384.7179999999935},"responseEndTiming":385.2289999999921,"fetchUid":"e97499cd845ddec9979d4dcdac687dbc"}}}
{"type":"screencast-frame","pageId":"page@d7f546a24c50a19f8d904ccc0794e678","sha1":"page@d7f546a24c50a19f8d904ccc0794e678-1786471663097.jpeg","width":1280,"height":720,"timestamp":159163.198,"frameSwapWallTime":1786471663092.494}
{"type":"log","callId":"call@71","time":159188.225,"message":"← 422 Unprocessable Entity"}
{"type":"log","callId":"call@71","time":159188.261,"message":"  alt-svc: h3=\":8443\"; ma=2592000"}
{"type":"log","callId":"call@71","time":159188.275,"message":"  content-length: 33"}
{"type":"log","callId":"call@71","time":159188.285,"message":"  content-type: application/json"}
{"type":"log","callId":"call@71","time":159188.292,"message":"  date: Tue, 11 Aug 2026 18:07:42 GMT"}
{"type":"log","callId":"call@71","time":159188.298,"message":"  server: uvicorn"}
{"type":"log","callId":"call@71","time":159188.304,"message":"  via: 1.1 Caddy"}
{"type":"after","callId":"call@71","endTime":159188.535,"result":{"response":{"url":"https://localhost:18443/api/inventory/photos","status":422,"statusText":"Unprocessable Entity","headers":[{"name":"Alt-Svc","value":"h3=\":8443\"; ma=2592000"},{"name":"Content-Length","value":"33"},{"name":"Content-Type","value":"application/json"},{"name":"Date","value":"Tue, 11 Aug 2026 18:07:42 GMT"},{"name":"Server","value":"uvicorn"},{"name":"Via","value":"1.1 Caddy"}],"securityDetails":{"protocol":"TLSv1.3","validFrom":1786471335,"validTo":1786514535,"issuer":"Caddy Local Authority - ECC Intermediate"},"serverAddr":{"ipAddress":"127.0.0.1","port":18443},"timing":{"startTime":1786471662698,"domainLookupStart":0,"domainLookupEnd":16.019999999989523,"connectStart":16.019999999989523,"secureConnectionStart":328.5909999999858,"connectEnd":332.44999999998254,"requestStart":332.44999999998254,"responseStart":422.2839999999851},"responseEndTiming":422.69800000000396,"fetchUid":"0cb36cda739499f0d3706fe836634798"}}}
{"type":"before","callId":"call@81","startTime":159191.589,"class":"Route","method":"fulfill","params":{"status":422,"headers":[{"name":"alt-svc","value":"h3=\":8443\"; ma=2592000"},{"name":"content-length","value":"33"},{"name":"content-type","value":"application/json"},{"name":"date","value":"Tue, 11 Aug 2026 18:07:42 GMT"},{"name":"server","value":"uvicorn"},{"name":"via","value":"1.1 Caddy"}],"isBase64":false,"fetchResponseUid":"0cb36cda739499f0d3706fe836634798"},"pageId":"page@d7f546a24c50a19f8d904ccc0794e678"}
{"type":"after","callId":"call@81","endTime":159193.074}
{"type":"console","messageType":"error","text":"Failed to load resource: the server responded with a status of 422 (Unprocessable Entity)","args":[],"location":{"url":"https://localhost:18443/api/inventory/photos","lineNumber":0,"columnNumber":0},"time":159193.944,"pageId":"page@d7f546a24c50a19f8d904ccc0794e678"}
{"type":"screencast-frame","pageId":"page@d7f546a24c50a19f8d904ccc0794e678","sha1":"page@d7f546a24c50a19f8d904ccc0794e678-1786471663146.jpeg","width":1280,"height":720,"timestamp":159212.604,"frameSwapWallTime":1786471663142.159}
{"type":"log","callId":"call@73","time":159222.354,"message":"← 422 Unprocessable Entity"}
{"type":"log","callId":"call@73","time":159222.379,"message":"  alt-svc: h3=\":8443\"; ma=2592000"}
{"type":"log","callId":"call@73","time":159222.392,"message":"  content-length: 33"}
{"type":"log","callId":"call@73","time":159222.401,"message":"  content-type: application/json"}
{"type":"log","callId":"call@73","time":159222.413,"message":"  date: Tue, 11 Aug 2026 18:07:42 GMT"}
{"type":"log","callId":"call@73","time":159222.422,"message":"  server: uvicorn"}
{"type":"log","callId":"call@73","time":159222.431,"message":"  via: 1.1 Caddy"}
{"type":"after","callId":"call@73","endTime":159222.6,"result":{"response":{"url":"https://localhost:18443/api/inventory/photos","status":422,"statusText":"Unprocessable Entity","headers":[{"name":"Alt-Svc","value":"h3=\":8443\"; ma=2592000"},{"name":"Content-Length","value":"33"},{"name":"Content-Type","value":"application/json"},{"name":"Date","value":"Tue, 11 Aug 2026 18:07:42 GMT"},{"name":"Server","value":"uvicorn"},{"name":"Via","value":"1.1 Caddy"}],"securityDetails":{"protocol":"TLSv1.3","validFrom":1786471335,"validTo":1786514535,"issuer":"Caddy Local Authority - ECC Intermediate"},"serverAddr":{"ipAddress":"127.0.0.1","port":18443},"timing":{"startTime":1786471662700,"domainLookupStart":0,"domainLookupEnd":14.74299999998766,"connectStart":14.74299999998766,"secureConnectionStart":327.0989999999874,"connectEnd":331.6030000000028,"requestStart":331.6030000000028,"responseStart":454.3299999999872},"responseEndTiming":454.73399999999674,"fetchUid":"0071595cf9c4ff7f6c03376cb7c93a46"}}}
{"type":"before","callId":"call@83","startTime":159224.23,"class":"Route","method":"fulfill","params":{"status":422,"headers":[{"name":"alt-svc","value":"h3=\":8443\"; ma=2592000"},{"name":"content-length","value":"33"},{"name":"content-type","value":"application/json"},{"name":"date","value":"Tue, 11 Aug 2026 18:07:42 GMT"},{"name":"server","value":"uvicorn"},{"name":"via","value":"1.1 Caddy"}],"isBase64":false,"fetchResponseUid":"0071595cf9c4ff7f6c03376cb7c93a46"},"pageId":"page@d7f546a24c50a19f8d904ccc0794e678"}
{"type":"after","callId":"call@83","endTime":159225.124}
{"type":"console","messageType":"error","text":"Failed to load resource: the server responded with a status of 422 (Unprocessable Entity)","args":[],"location":{"url":"https://localhost:18443/api/inventory/photos","lineNumber":0,"columnNumber":0},"time":159226.224,"pageId":"page@d7f546a24c50a19f8d904ccc0794e678"}
{"type":"screencast-frame","pageId":"page@d7f546a24c50a19f8d904ccc0794e678","sha1":"page@d7f546a24c50a19f8d904ccc0794e678-1786471663178.jpeg","width":1280,"height":720,"timestamp":159244.491,"frameSwapWallTime":1786471663175.256}
{"type":"log","callId":"call@75","time":159251.079,"message":"← 422 Unprocessable Entity"}
{"type":"log","callId":"call@75","time":159251.105,"message":"  alt-svc: h3=\":8443\"; ma=2592000"}
{"type":"log","callId":"call@75","time":159251.113,"message":"  content-length: 33"}
{"type":"log","callId":"call@75","time":159251.118,"message":"  content-type: application/json"}
{"type":"log","callId":"call@75","time":159251.127,"message":"  date: Tue, 11 Aug 2026 18:07:42 GMT"}
{"type":"log","callId":"call@75","time":159251.132,"message":"  server: uvicorn"}
{"type":"log","callId":"call@75","time":159251.137,"message":"  via: 1.1 Caddy"}
{"type":"after","callId":"call@75","endTime":159251.257,"result":{"response":{"url":"https://localhost:18443/api/inventory/photos","status":422,"statusText":"Unprocessable Entity","headers":[{"name":"Alt-Svc","value":"h3=\":8443\"; ma=2592000"},{"name":"Content-Length","value":"33"},{"name":"Content-Type","value":"application/json"},{"name":"Date","value":"Tue, 11 Aug 2026 18:07:42 GMT"},{"name":"Server","value":"uvicorn"},{"name":"Via","value":"1.1 Caddy"}],"securityDetails":{"protocol":"TLSv1.3","validFrom":1786471335,"validTo":1786514535,"issuer":"Caddy Local Authority - ECC Intermediate"},"serverAddr":{"ipAddress":"127.0.0.1","port":18443},"timing":{"startTime":1786471662701,"domainLookupStart":0,"domainLookupEnd":14.628999999986263,"connectStart":14.628999999986263,"secureConnectionStart":326.9799999999814,"connectEnd":332.32600000000093,"requestStart":332.32600000000093,"responseStart":482.29099999999744},"responseEndTiming":482.8999999999942,"fetchUid":"ce96a7579101cca48689bf1dc6f06100"}}}
{"type":"before","callId":"call@85","startTime":159251.974,"class":"Route","method":"fulfill","params":{"status":422,"headers":[{"name":"alt-svc","value":"h3=\":8443\"; ma=2592000"},{"name":"content-length","value":"33"},{"name":"content-type","value":"application/json"},{"name":"date","value":"Tue, 11 Aug 2026 18:07:42 GMT"},{"name":"server","value":"uvicorn"},{"name":"via","value":"1.1 Caddy"}],"isBase64":false,"fetchResponseUid":"ce96a7579101cca48689bf1dc6f06100"},"pageId":"page@d7f546a24c50a19f8d904ccc0794e678"}
{"type":"after","callId":"call@85","endTime":159252.692}
{"type":"console","messageType":"error","text":"Failed to load resource: the server responded with a status of 422 (Unprocessable Entity)","args":[],"location":{"url":"https://localhost:18443/api/inventory/photos","lineNumber":0,"columnNumber":0},"time":159253.436,"pageId":"page@d7f546a24c50a19f8d904ccc0794e678"}
{"type":"screencast-frame","pageId":"page@d7f546a24c50a19f8d904ccc0794e678","sha1":"page@d7f546a24c50a19f8d904ccc0794e678-1786471663211.jpeg","width":1280,"height":720,"timestamp":159277.412,"frameSwapWallTime":1786471663207.928}
{"type":"after","callId":"call@77","endTime":188790.46,"error":{"message":"Timeout 30000ms exceeded.","stack":"TimeoutError: Timeout 30000ms exceeded.\n    at _ProgressController.run (/usr/local/lib/node_modules/playwright/node_modules/playwright-core/lib/coreBundle.js:12135:32)\n    at DispatcherConnection.dispatch (/usr/local/lib/node_modules/playwright/node_modules/playwright-core/lib/coreBundle.js:18775:44)","name":"TimeoutError"},"afterSnapshot":"after@call@77"}
{"type":"frame-snapshot","snapshot":{"callId":"call@77","snapshotName":"after@call@77","pageId":"page@d7f546a24c50a19f8d904ccc0794e678","frameId":"frame@55195917e87f7f0cb8b6e0183c0980e8","frameUrl":"https://localhost:18443/staff/photo-upload","doctype":"html","html":["HTML",{"lang":"en"},[[13,9]],[[13,10]],["BODY",{},[[13,11]],["MAIN",{},[[13,12]],[[13,14]],[[13,15]],[[1,1]],[[13,42]],[[13,43]],[[13,44]],["SECTION",{"aria-label":"Upload results"},[[13,45]],[[13,47]],[[13,48]],["OL",{"id":"upload-results"},["LI",{},[[2,3]],[[2,5]],["STRONG",{"aria-live":"polite"},"rejected"],[[2,8]]],[[2,17]],["LI",{},[[2,19]],[[2,21]],["STRONG",{"aria-live":"polite"},"rejected"],[[2,24]]],["LI",{},[[2,27]],[[2,29]],["STRONG",{"aria-live":"polite"},"rejected"],[[2,32]]],["LI",{},[[2,35]],[[2,37]],["STRONG",{"aria-live":"polite"},"rejected"],[[2,40]]]],[[13,50]]],[[13,52]]],[[13,54]],[[13,55]]]],"viewport":{"width":1280,"height":720},"timestamp":188791.879,"wallTime":1786471692725,"collectionTime":0.3999999761581421,"resourceOverrides":[],"isMainFrame":true}}
